{"tests/lint/hql_file.hql":[{"range":{"start":{"line":1,"character":7},"end":{"line":1,"character":7}},"message":"Expected only single space before \"1\". Found \"   \".","severity":"Error","source":"sqruff","code":"LT01"},{"range":{"start":{"line":1,"character":11},"end":{"line":1,"character":11}},"message":"Files must end with a single trailing newline.","severity":"Error","source":"sqruff","code":"LT12"}]}
