{"tests/lint/test_fail_whitespace_before_comma.sql":[{"range":{"start":{"line":1,"character":8},"end":{"line":1,"character":8}},"message":"Column expression without alias. Use explicit `AS` clause.","severity":"Error","source":"sqruff","code":"AL03"},{"range":{"start":{"line":1,"character":11},"end":{"line":1,"character":11}},"message":"Column expression without alias. Use explicit `AS` clause.","severity":"Error","source":"sqruff","code":"AL03"},{"range":{"start":{"line":1,"character":9},"end":{"line":1,"character":9}},"message":"Unexpected whitespace before comma.","severity":"Error","source":"sqruff","code":"LT01"},{"range":{"start":{"line":1,"character":11},"end":{"line":1,"character":11}},"message":"Expected single whitespace between \",\" and \"4\".","severity":"Error","source":"sqruff","code":"LT01"},{"range":{"start":{"line":1,"character":12},"end":{"line":1,"character":12}},"message":"Files must end with a single trailing newline.","severity":"Error","source":"sqruff","code":"LT12"}]}
