The specified config file 'tests/config_not_found/non_existant.cfg' does not exist.
