== [tests/ui_with_python/python.sql] FAIL
L:   1 | P:  23 | LT01 | Unnecessary trailing whitespace. [layout.spacing]
L:   1 | P:  25 | LT12 | Files must end with a single trailing newline.
                       | [layout.end_of_file]
The linter processed 1 file(s).
All Finished
